// Jest Snapshot v1, https://goo.gl/fbAQLP

exports[`should render EditExpensePage correctly 1`] = `
<div>
  <ExpenseForm
    currentExpense={
      Object {
        "amount": 1000,
        "createdAt": 864000000,
        "description": "water bill exp",
        "id": "44",
        "note": "Nil",
      }
    }
    onSubmit={[Function]}
  />
  <button
    onClick={[Function]}
  >
    Remove
  </button>
</div>
`;
