// Jest Snapshot v1, https://goo.gl/fbAQLP

exports[`should render ExpenseListItem with expenses 1`] = `
Array [
  <div
    key="44"
  >
    <Link
      to="edit/44"
    >
      <h3>
        water bill exp
      </h3>
    </Link>
    <p>
      Amount: 
      $10.00
    </p>
    <p>
      Created At: 
      January 11th, 1970
    </p>
  </div>,
  <div
    key="88"
  >
    <Link
      to="edit/88"
    >
      <h3>
        utility bill exp
      </h3>
    </Link>
    <p>
      Amount: 
      $20.00
    </p>
    <p>
      Created At: 
      January 5th, 1970
    </p>
  </div>,
  <div
    key="89"
  >
    <Link
      to="edit/89"
    >
      <h3>
        mend exp
      </h3>
    </Link>
    <p>
      Amount: 
      $14.00
    </p>
    <p>
      Created At: 
      December 27th, 1969
    </p>
  </div>,
]
`;

exports[`should render ExpnseListItem with no expenses 1`] = `
<p>
  No Expenses
</p>
`;
